[grapnetflix.blogspot.com/index.html]
[backblue.gif]
[fade.gif]
[index.html]
[d13nu0oomnx5ti.cloudfront.net/1e513cd.js]
[i.ibb.co/Vpbq4Nj/netflix.png]
[grapnetflix.blogspot.com/popper.2.delayed]
[grapnetflix.blogspot.com/webfonts/fa-brands-400.3.delayed]
[grapnetflix.blogspot.com/webfonts/fa-brands-400.4d41d.delayed]
[grapnetflix.blogspot.com/webfonts/fa-brands-400.5.delayed]
[grapnetflix.blogspot.com/webfonts/fa-brands-400.6.delayed]
[grapnetflix.blogspot.com/webfonts/fa-brands-400.7.delayed]
[grapnetflix.blogspot.com/webfonts/fa-brands-400.8.delayed]
[grapnetflix.blogspot.com/webfonts/fa-regular-400.9.delayed]
[grapnetflix.blogspot.com/webfonts/fa-regular-400.ad41d.delayed]
[grapnetflix.blogspot.com/webfonts/fa-regular-400.b.delayed]
[grapnetflix.blogspot.com/webfonts/fa-regular-400.c.delayed]
[grapnetflix.blogspot.com/webfonts/fa-regular-400.d.delayed]
[grapnetflix.blogspot.com/webfonts/fa-regular-400.e.delayed]
[grapnetflix.blogspot.com/webfonts/fa-solid-900.f.delayed]
[grapnetflix.blogspot.com/webfonts/fa-solid-900.10d41d.delayed]
[grapnetflix.blogspot.com/webfonts/fa-solid-900.11.delayed]
[grapnetflix.blogspot.com/webfonts/fa-solid-900.12.delayed]
[grapnetflix.blogspot.com/webfonts/fa-solid-900.13.delayed]
[grapnetflix.blogspot.com/webfonts/fa-solid-900.14.delayed]
[i.ibb.co/XXqpZTC/user.png]
[i.ibb.co/VDFvRZ0/credit-card.png]
[i.ibb.co/HPJ3Dx2/clock.png]
[i.ibb.co/DMgtsQs/tablet.png]
[grapnetflix.blogspot.com/code.jquery.com/jquery-3.3.1.slim.min.19.delayed]
[grapnetflix.blogspot.com/stackpath.bootstrapcdn.com/bootstrap/4.1.3/js/bootstrap.min.1a.delayed]
[grapnetflix.blogspot.com/index.html]
[grapnetflix.blogspot.com/popper.html]
[grapnetflix.blogspot.com/webfonts/fa-brands-400.html]
[grapnetflix.blogspot.com/webfonts/fa-brands-400d41d.html]
[grapnetflix.blogspot.com/webfonts/fa-brands-401.html]
[grapnetflix.blogspot.com/webfonts/fa-brands-402.html]
[grapnetflix.blogspot.com/webfonts/fa-brands-403.html]
[grapnetflix.blogspot.com/webfonts/fa-brands-404.html]
[grapnetflix.blogspot.com/webfonts/fa-regular-400.html]
[grapnetflix.blogspot.com/webfonts/fa-regular-400d41d.html]
[grapnetflix.blogspot.com/webfonts/fa-regular-401.html]
[grapnetflix.blogspot.com/webfonts/fa-regular-402.html]
[grapnetflix.blogspot.com/webfonts/fa-regular-403.html]
[grapnetflix.blogspot.com/webfonts/fa-regular-404.html]
[grapnetflix.blogspot.com/webfonts/fa-solid-900.html]
[grapnetflix.blogspot.com/webfonts/fa-solid-900d41d.html]
[grapnetflix.blogspot.com/webfonts/fa-solid-901.html]
[grapnetflix.blogspot.com/webfonts/fa-solid-902.html]
[grapnetflix.blogspot.com/webfonts/fa-solid-903.html]
[grapnetflix.blogspot.com/webfonts/fa-solid-904.html]
[grapnetflix.blogspot.com/code.jquery.com/jquery-3.3.1.slim.min.html]
[grapnetflix.blogspot.com/stackpath.bootstrapcdn.com/bootstrap/4.1.3/js/bootstrap.min.html]
